// Jest Snapshot v1, https://goo.gl/fbAQLP

exports[`<Filters /> should match snapshot 1`] = `
Object {
  "asFragment": [Function],
  "baseElement": <body>
    <div>
      <div
        class="ui-filters"
      >
        <h3
          class="ui-filters__title"
        >
          Filtar por:
        </h3>
        <div
          class="ui-filters__box"
        >
          <div>
            <span>
              Prioridad
            </span>
            <select>
              <option
                value="all"
              >
                Todos
              </option>
              <option
                value="HIGH"
              >
                Alta
              </option>
              <option
                value="MEDIUM"
              >
                Media
              </option>
              <option
                value="LOW"
              >
                Baja
              </option>
            </select>
          </div>
          <div>
            <span>
              Estado
            </span>
            <select>
              <option
                value="all"
              >
                Todos
              </option>
              <option
                value="NEW"
              >
                Nueva
              </option>
              <option
                value="IN_PROGRESS"
              >
                En proceso
              </option>
              <option
                value="DONE"
              >
                Finalizada
              </option>
            </select>
          </div>
        </div>
      </div>
    </div>
  </body>,
  "container": <div>
    <div
      class="ui-filters"
    >
      <h3
        class="ui-filters__title"
      >
        Filtar por:
      </h3>
      <div
        class="ui-filters__box"
      >
        <div>
          <span>
            Prioridad
          </span>
          <select>
            <option
              value="all"
            >
              Todos
            </option>
            <option
              value="HIGH"
            >
              Alta
            </option>
            <option
              value="MEDIUM"
            >
              Media
            </option>
            <option
              value="LOW"
            >
              Baja
            </option>
          </select>
        </div>
        <div>
          <span>
            Estado
          </span>
          <select>
            <option
              value="all"
            >
              Todos
            </option>
            <option
              value="NEW"
            >
              Nueva
            </option>
            <option
              value="IN_PROGRESS"
            >
              En proceso
            </option>
            <option
              value="DONE"
            >
              Finalizada
            </option>
          </select>
        </div>
      </div>
    </div>
  </div>,
  "debug": [Function],
  "findAllByAltText": [Function],
  "findAllByDisplayValue": [Function],
  "findAllByLabelText": [Function],
  "findAllByPlaceholderText": [Function],
  "findAllByRole": [Function],
  "findAllByTestId": [Function],
  "findAllByText": [Function],
  "findAllByTitle": [Function],
  "findByAltText": [Function],
  "findByDisplayValue": [Function],
  "findByLabelText": [Function],
  "findByPlaceholderText": [Function],
  "findByRole": [Function],
  "findByTestId": [Function],
  "findByText": [Function],
  "findByTitle": [Function],
  "getAllByAltText": [Function],
  "getAllByDisplayValue": [Function],
  "getAllByLabelText": [Function],
  "getAllByPlaceholderText": [Function],
  "getAllByRole": [Function],
  "getAllByTestId": [Function],
  "getAllByText": [Function],
  "getAllByTitle": [Function],
  "getByAltText": [Function],
  "getByDisplayValue": [Function],
  "getByLabelText": [Function],
  "getByPlaceholderText": [Function],
  "getByRole": [Function],
  "getByTestId": [Function],
  "getByText": [Function],
  "getByTitle": [Function],
  "queryAllByAltText": [Function],
  "queryAllByDisplayValue": [Function],
  "queryAllByLabelText": [Function],
  "queryAllByPlaceholderText": [Function],
  "queryAllByRole": [Function],
  "queryAllByTestId": [Function],
  "queryAllByText": [Function],
  "queryAllByTitle": [Function],
  "queryByAltText": [Function],
  "queryByDisplayValue": [Function],
  "queryByLabelText": [Function],
  "queryByPlaceholderText": [Function],
  "queryByRole": [Function],
  "queryByTestId": [Function],
  "queryByText": [Function],
  "queryByTitle": [Function],
  "rerender": [Function],
  "unmount": [Function],
}
`;
